<html>
<body>
<pre>
<h1>µVision Build Log</h1>
<h2>Tool Versions:</h2>
IDE-Version: ¦ÌVision V5.18.0.0
Copyright (C) 2016 ARM Ltd and ARM Germany GmbH. All rights reserved.
License Information: leo eric, lion, LIC=AK1X7-EE157-NRLXL-039V5-UBXKF-AUEIQ
 
Tool Versions:
Toolchain:       MDK-ARM Professional  Version: 5.18
Toolchain Path:  D:\software\install\keil5\ARM\ARMCC\Bin
C Compiler:      Armcc.exe V5.06 update 1 (build 61)
Assembler:       Armasm.exe V5.06 update 1 (build 61)
Linker/Locator:  ArmLink.exe V5.06 update 1 (build 61)
Library Manager: ArmAr.exe V5.06 update 1 (build 61)
Hex Converter:   FromElf.exe V5.06 update 1 (build 61)
CPU DLL:         SARMCM3.DLL V5.18
Dialog DLL:      DCM.DLL V1.13.6.0
Target DLL:      CMSIS_AGDI.dll V1.25.7.0
Dialog DLL:      TCM.DLL V1.14.8.0
 
<h2>Project:</h2>
D:\project\self\hc32f460_template\MDK-ARM\gpio_output.uvprojx
Project File Date:  08/02/2025

<h2>Output:</h2>
*** Using Compiler 'V5.06 update 1 (build 61)', folder: 'D:\software\install\keil5\ARM\ARMCC\Bin'
Build target 'gpio_output_Debug'
compiling hc32_ll_usb.c...
linking...
Program Size: Code=1372 RO-data=688 RW-data=0 ZI-data=8200  
FromELF: creating hex file...
".\output\debug\gpio_output.axf" - 0 Error(s), 0 Warning(s).

<h2>Collection of Component include folders:</h2>
  D:\project\self\hc32f460_template\MDK-ARM\RTE
  D:\software\install\keil5\ARM\PACK\HDSC\HC32F460\1.0.11\Device\Include

<h2>Collection of Component Files used:</h2>
Build Time Elapsed:  00:00:02
</pre>
</body>
</html>
