Component: ARM Compiler 5.06 update 1 (build 61) Tool: armlink [4d35a8]

==============================================================================

Section Cross References

    main.o(i.LED_Init) refers to hc32_ll_gpio.o(i.GPIO_StructInit) for GPIO_StructInit
    main.o(i.LED_Init) refers to hc32_ll_gpio.o(i.GPIO_Init) for GPIO_Init
    main.o(i.main) refers to hc32_ll.o(i.LL_PERIPH_WE) for LL_PERIPH_WE
    main.o(i.main) refers to main.o(i.LED_Init) for LED_Init
    main.o(i.main) refers to hc32_ll.o(i.LL_PERIPH_WP) for LL_PERIPH_WP
    main.o(i.main) refers to hc32_ll_gpio.o(i.GPIO_TogglePins) for GPIO_TogglePins
    main.o(i.main) refers to hc32_ll_utility.o(i.DDL_DelayMS) for DDL_DelayMS
    hc32_ll_gpio.o(i.GPIO_AnalogCmd) refers to hc32_ll_utility.o(i.DDL_AssertHandler) for DDL_AssertHandler
    hc32_ll_gpio.o(i.GPIO_DeInit) refers to hc32_ll_utility.o(i.DDL_AssertHandler) for DDL_AssertHandler
    hc32_ll_gpio.o(i.GPIO_DeInit) refers to hc32_ll_gpio.o(i.GPIO_StructInit) for GPIO_StructInit
    hc32_ll_gpio.o(i.GPIO_DeInit) refers to hc32_ll_gpio.o(i.GPIO_Init) for GPIO_Init
    hc32_ll_gpio.o(i.GPIO_DeInit) refers to hc32_ll_gpio.o(.constdata) for m_astcGpioPortPinTbl
    hc32_ll_gpio.o(i.GPIO_ExtIntCmd) refers to hc32_ll_utility.o(i.DDL_AssertHandler) for DDL_AssertHandler
    hc32_ll_gpio.o(i.GPIO_Init) refers to hc32_ll_utility.o(i.DDL_AssertHandler) for DDL_AssertHandler
    hc32_ll_gpio.o(i.GPIO_InputMOSCmd) refers to hc32_ll_utility.o(i.DDL_AssertHandler) for DDL_AssertHandler
    hc32_ll_gpio.o(i.GPIO_OutputCmd) refers to hc32_ll_utility.o(i.DDL_AssertHandler) for DDL_AssertHandler
    hc32_ll_gpio.o(i.GPIO_ReadInputPins) refers to hc32_ll_utility.o(i.DDL_AssertHandler) for DDL_AssertHandler
    hc32_ll_gpio.o(i.GPIO_ReadInputPort) refers to hc32_ll_utility.o(i.DDL_AssertHandler) for DDL_AssertHandler
    hc32_ll_gpio.o(i.GPIO_ReadOutputPins) refers to hc32_ll_utility.o(i.DDL_AssertHandler) for DDL_AssertHandler
    hc32_ll_gpio.o(i.GPIO_ReadOutputPort) refers to hc32_ll_utility.o(i.DDL_AssertHandler) for DDL_AssertHandler
    hc32_ll_gpio.o(i.GPIO_ResetPins) refers to hc32_ll_utility.o(i.DDL_AssertHandler) for DDL_AssertHandler
    hc32_ll_gpio.o(i.GPIO_SetDebugPort) refers to hc32_ll_utility.o(i.DDL_AssertHandler) for DDL_AssertHandler
    hc32_ll_gpio.o(i.GPIO_SetFunc) refers to hc32_ll_utility.o(i.DDL_AssertHandler) for DDL_AssertHandler
    hc32_ll_gpio.o(i.GPIO_SetPins) refers to hc32_ll_utility.o(i.DDL_AssertHandler) for DDL_AssertHandler
    hc32_ll_gpio.o(i.GPIO_SetReadWaitCycle) refers to hc32_ll_utility.o(i.DDL_AssertHandler) for DDL_AssertHandler
    hc32_ll_gpio.o(i.GPIO_SetSubFunc) refers to hc32_ll_utility.o(i.DDL_AssertHandler) for DDL_AssertHandler
    hc32_ll_gpio.o(i.GPIO_SubFuncCmd) refers to hc32_ll_utility.o(i.DDL_AssertHandler) for DDL_AssertHandler
    hc32_ll_gpio.o(i.GPIO_TogglePins) refers to hc32_ll_utility.o(i.DDL_AssertHandler) for DDL_AssertHandler
    hc32_ll_gpio.o(i.GPIO_WritePort) refers to hc32_ll_utility.o(i.DDL_AssertHandler) for DDL_AssertHandler
    hc32_ll_utility.o(i.DDL_DelayMS) refers to system_hc32f460.o(.bss.noinit) for SystemCoreClock
    hc32_ll_utility.o(i.DDL_DelayUS) refers to system_hc32f460.o(.bss.noinit) for SystemCoreClock
    hc32_ll_utility.o(i.SysTick_Delay) refers to hc32_ll_utility.o(i.SysTick_GetTick) for SysTick_GetTick
    hc32_ll_utility.o(i.SysTick_Delay) refers to hc32_ll_utility.o(.data) for m_u32TickStep
    hc32_ll_utility.o(i.SysTick_GetTick) refers to hc32_ll_utility.o(.data) for m_u32TickCount
    hc32_ll_utility.o(i.SysTick_IncTick) refers to hc32_ll_utility.o(.data) for m_u32TickCount
    hc32_ll_utility.o(i.SysTick_Init) refers to hc32_ll_utility.o(.data) for m_u32TickStep
    hc32_ll_utility.o(i.SysTick_Init) refers to system_hc32f460.o(.bss.noinit) for SystemCoreClock
    system_hc32f460.o(i.SystemCoreClockUpdate) refers to system_hc32f460.o(.bss.noinit) for HRC_VALUE
    system_hc32f460.o(i.SystemInit) refers to system_hc32f460.o(i.SystemCoreClockUpdate) for SystemCoreClockUpdate
    startup_hc32f460.o(RESET) refers to startup_hc32f460.o(STACK) for __initial_sp
    startup_hc32f460.o(RESET) refers to startup_hc32f460.o(.text) for Reset_Handler
    startup_hc32f460.o(.text) refers to system_hc32f460.o(i.SystemInit) for SystemInit
    startup_hc32f460.o(.text) refers to entry.o(.ARM.Collect$$$$00000000) for __main
    entry.o(.ARM.Collect$$$$00000000) refers (Special) to entry10a.o(.ARM.Collect$$$$0000000D) for __rt_final_cpp
    entry.o(.ARM.Collect$$$$00000000) refers (Special) to entry11a.o(.ARM.Collect$$$$0000000F) for __rt_final_exit
    entry.o(.ARM.Collect$$$$00000000) refers (Special) to entry7b.o(.ARM.Collect$$$$00000008) for _main_clock
    entry.o(.ARM.Collect$$$$00000000) refers (Special) to entry8b.o(.ARM.Collect$$$$0000000A) for _main_cpp_init
    entry.o(.ARM.Collect$$$$00000000) refers (Special) to entry9a.o(.ARM.Collect$$$$0000000B) for _main_init
    entry.o(.ARM.Collect$$$$00000000) refers (Special) to entry5.o(.ARM.Collect$$$$00000004) for _main_scatterload
    entry.o(.ARM.Collect$$$$00000000) refers (Special) to entry2.o(.ARM.Collect$$$$00000001) for _main_stk
    entry2.o(.ARM.Collect$$$$00000001) refers to entry2.o(.ARM.Collect$$$$00002712) for __lit__00000000
    entry2.o(.ARM.Collect$$$$00002712) refers to startup_hc32f460.o(STACK) for __initial_sp
    entry2.o(__vectab_stack_and_reset_area) refers to startup_hc32f460.o(STACK) for __initial_sp
    entry2.o(__vectab_stack_and_reset_area) refers to entry.o(.ARM.Collect$$$$00000000) for __main
    entry5.o(.ARM.Collect$$$$00000004) refers to init.o(.text) for __scatterload
    entry9a.o(.ARM.Collect$$$$0000000B) refers to main.o(i.main) for main
    entry9b.o(.ARM.Collect$$$$0000000C) refers to main.o(i.main) for main
    init.o(.text) refers to entry5.o(.ARM.Collect$$$$00000004) for __main_after_scatterload


==============================================================================

Removing Unused input sections from the image.

    Removing main.o(.rev16_text), (4 bytes).
    Removing main.o(.revsh_text), (4 bytes).
    Removing main.o(.rrx_text), (6 bytes).
    Removing hc32_ll.o(.rev16_text), (4 bytes).
    Removing hc32_ll.o(.revsh_text), (4 bytes).
    Removing hc32_ll.o(.rrx_text), (6 bytes).
    Removing hc32_ll_adc.o(.rev16_text), (4 bytes).
    Removing hc32_ll_adc.o(.revsh_text), (4 bytes).
    Removing hc32_ll_adc.o(.rrx_text), (6 bytes).
    Removing hc32_ll_aes.o(.rev16_text), (4 bytes).
    Removing hc32_ll_aes.o(.revsh_text), (4 bytes).
    Removing hc32_ll_aes.o(.rrx_text), (6 bytes).
    Removing hc32_ll_aos.o(.rev16_text), (4 bytes).
    Removing hc32_ll_aos.o(.revsh_text), (4 bytes).
    Removing hc32_ll_aos.o(.rrx_text), (6 bytes).
    Removing hc32_ll_can.o(.rev16_text), (4 bytes).
    Removing hc32_ll_can.o(.revsh_text), (4 bytes).
    Removing hc32_ll_can.o(.rrx_text), (6 bytes).
    Removing hc32_ll_clk.o(.rev16_text), (4 bytes).
    Removing hc32_ll_clk.o(.revsh_text), (4 bytes).
    Removing hc32_ll_clk.o(.rrx_text), (6 bytes).
    Removing hc32_ll_cmp.o(.rev16_text), (4 bytes).
    Removing hc32_ll_cmp.o(.revsh_text), (4 bytes).
    Removing hc32_ll_cmp.o(.rrx_text), (6 bytes).
    Removing hc32_ll_crc.o(.rev16_text), (4 bytes).
    Removing hc32_ll_crc.o(.revsh_text), (4 bytes).
    Removing hc32_ll_crc.o(.rrx_text), (6 bytes).
    Removing hc32_ll_dbgc.o(.rev16_text), (4 bytes).
    Removing hc32_ll_dbgc.o(.revsh_text), (4 bytes).
    Removing hc32_ll_dbgc.o(.rrx_text), (6 bytes).
    Removing hc32_ll_dcu.o(.rev16_text), (4 bytes).
    Removing hc32_ll_dcu.o(.revsh_text), (4 bytes).
    Removing hc32_ll_dcu.o(.rrx_text), (6 bytes).
    Removing hc32_ll_dma.o(.rev16_text), (4 bytes).
    Removing hc32_ll_dma.o(.revsh_text), (4 bytes).
    Removing hc32_ll_dma.o(.rrx_text), (6 bytes).
    Removing hc32_ll_efm.o(.rev16_text), (4 bytes).
    Removing hc32_ll_efm.o(.revsh_text), (4 bytes).
    Removing hc32_ll_efm.o(.rrx_text), (6 bytes).
    Removing hc32_ll_emb.o(.rev16_text), (4 bytes).
    Removing hc32_ll_emb.o(.revsh_text), (4 bytes).
    Removing hc32_ll_emb.o(.rrx_text), (6 bytes).
    Removing hc32_ll_event_port.o(.rev16_text), (4 bytes).
    Removing hc32_ll_event_port.o(.revsh_text), (4 bytes).
    Removing hc32_ll_event_port.o(.rrx_text), (6 bytes).
    Removing hc32_ll_fcg.o(.rev16_text), (4 bytes).
    Removing hc32_ll_fcg.o(.revsh_text), (4 bytes).
    Removing hc32_ll_fcg.o(.rrx_text), (6 bytes).
    Removing hc32_ll_fcm.o(.rev16_text), (4 bytes).
    Removing hc32_ll_fcm.o(.revsh_text), (4 bytes).
    Removing hc32_ll_fcm.o(.rrx_text), (6 bytes).
    Removing hc32_ll_gpio.o(.rev16_text), (4 bytes).
    Removing hc32_ll_gpio.o(.revsh_text), (4 bytes).
    Removing hc32_ll_gpio.o(.rrx_text), (6 bytes).
    Removing hc32_ll_gpio.o(i.GPIO_AnalogCmd), (220 bytes).
    Removing hc32_ll_gpio.o(i.GPIO_DeInit), (156 bytes).
    Removing hc32_ll_gpio.o(i.GPIO_ExtIntCmd), (252 bytes).
    Removing hc32_ll_gpio.o(i.GPIO_InputMOSCmd), (196 bytes).
    Removing hc32_ll_gpio.o(i.GPIO_OutputCmd), (180 bytes).
    Removing hc32_ll_gpio.o(i.GPIO_ReadInputPins), (144 bytes).
    Removing hc32_ll_gpio.o(i.GPIO_ReadInputPort), (112 bytes).
    Removing hc32_ll_gpio.o(i.GPIO_ReadOutputPins), (144 bytes).
    Removing hc32_ll_gpio.o(i.GPIO_ReadOutputPort), (112 bytes).
    Removing hc32_ll_gpio.o(i.GPIO_ResetPins), (140 bytes).
    Removing hc32_ll_gpio.o(i.GPIO_SetDebugPort), (180 bytes).
    Removing hc32_ll_gpio.o(i.GPIO_SetFunc), (244 bytes).
    Removing hc32_ll_gpio.o(i.GPIO_SetPins), (140 bytes).
    Removing hc32_ll_gpio.o(i.GPIO_SetReadWaitCycle), (148 bytes).
    Removing hc32_ll_gpio.o(i.GPIO_SetSubFunc), (140 bytes).
    Removing hc32_ll_gpio.o(i.GPIO_SubFuncCmd), (220 bytes).
    Removing hc32_ll_gpio.o(i.GPIO_WritePort), (112 bytes).
    Removing hc32_ll_gpio.o(.constdata), (24 bytes).
    Removing hc32_ll_hash.o(.rev16_text), (4 bytes).
    Removing hc32_ll_hash.o(.revsh_text), (4 bytes).
    Removing hc32_ll_hash.o(.rrx_text), (6 bytes).
    Removing hc32_ll_i2c.o(.rev16_text), (4 bytes).
    Removing hc32_ll_i2c.o(.revsh_text), (4 bytes).
    Removing hc32_ll_i2c.o(.rrx_text), (6 bytes).
    Removing hc32_ll_i2s.o(.rev16_text), (4 bytes).
    Removing hc32_ll_i2s.o(.revsh_text), (4 bytes).
    Removing hc32_ll_i2s.o(.rrx_text), (6 bytes).
    Removing hc32_ll_icg.o(.rev16_text), (4 bytes).
    Removing hc32_ll_icg.o(.revsh_text), (4 bytes).
    Removing hc32_ll_icg.o(.rrx_text), (6 bytes).
    Removing hc32_ll_interrupts.o(.rev16_text), (4 bytes).
    Removing hc32_ll_interrupts.o(.revsh_text), (4 bytes).
    Removing hc32_ll_interrupts.o(.rrx_text), (6 bytes).
    Removing hc32_ll_keyscan.o(.rev16_text), (4 bytes).
    Removing hc32_ll_keyscan.o(.revsh_text), (4 bytes).
    Removing hc32_ll_keyscan.o(.rrx_text), (6 bytes).
    Removing hc32_ll_mpu.o(.rev16_text), (4 bytes).
    Removing hc32_ll_mpu.o(.revsh_text), (4 bytes).
    Removing hc32_ll_mpu.o(.rrx_text), (6 bytes).
    Removing hc32_ll_ots.o(.rev16_text), (4 bytes).
    Removing hc32_ll_ots.o(.revsh_text), (4 bytes).
    Removing hc32_ll_ots.o(.rrx_text), (6 bytes).
    Removing hc32_ll_pwc.o(.rev16_text), (4 bytes).
    Removing hc32_ll_pwc.o(.revsh_text), (4 bytes).
    Removing hc32_ll_pwc.o(.rrx_text), (6 bytes).
    Removing hc32_ll_qspi.o(.rev16_text), (4 bytes).
    Removing hc32_ll_qspi.o(.revsh_text), (4 bytes).
    Removing hc32_ll_qspi.o(.rrx_text), (6 bytes).
    Removing hc32_ll_rmu.o(.rev16_text), (4 bytes).
    Removing hc32_ll_rmu.o(.revsh_text), (4 bytes).
    Removing hc32_ll_rmu.o(.rrx_text), (6 bytes).
    Removing hc32_ll_rtc.o(.rev16_text), (4 bytes).
    Removing hc32_ll_rtc.o(.revsh_text), (4 bytes).
    Removing hc32_ll_rtc.o(.rrx_text), (6 bytes).
    Removing hc32_ll_sdioc.o(.rev16_text), (4 bytes).
    Removing hc32_ll_sdioc.o(.revsh_text), (4 bytes).
    Removing hc32_ll_sdioc.o(.rrx_text), (6 bytes).
    Removing hc32_ll_spi.o(.rev16_text), (4 bytes).
    Removing hc32_ll_spi.o(.revsh_text), (4 bytes).
    Removing hc32_ll_spi.o(.rrx_text), (6 bytes).
    Removing hc32_ll_sram.o(.rev16_text), (4 bytes).
    Removing hc32_ll_sram.o(.revsh_text), (4 bytes).
    Removing hc32_ll_sram.o(.rrx_text), (6 bytes).
    Removing hc32_ll_swdt.o(.rev16_text), (4 bytes).
    Removing hc32_ll_swdt.o(.revsh_text), (4 bytes).
    Removing hc32_ll_swdt.o(.rrx_text), (6 bytes).
    Removing hc32_ll_tmr0.o(.rev16_text), (4 bytes).
    Removing hc32_ll_tmr0.o(.revsh_text), (4 bytes).
    Removing hc32_ll_tmr0.o(.rrx_text), (6 bytes).
    Removing hc32_ll_tmr4.o(.rev16_text), (4 bytes).
    Removing hc32_ll_tmr4.o(.revsh_text), (4 bytes).
    Removing hc32_ll_tmr4.o(.rrx_text), (6 bytes).
    Removing hc32_ll_tmr6.o(.rev16_text), (4 bytes).
    Removing hc32_ll_tmr6.o(.revsh_text), (4 bytes).
    Removing hc32_ll_tmr6.o(.rrx_text), (6 bytes).
    Removing hc32_ll_tmra.o(.rev16_text), (4 bytes).
    Removing hc32_ll_tmra.o(.revsh_text), (4 bytes).
    Removing hc32_ll_tmra.o(.rrx_text), (6 bytes).
    Removing hc32_ll_trng.o(.rev16_text), (4 bytes).
    Removing hc32_ll_trng.o(.revsh_text), (4 bytes).
    Removing hc32_ll_trng.o(.rrx_text), (6 bytes).
    Removing hc32_ll_usart.o(.rev16_text), (4 bytes).
    Removing hc32_ll_usart.o(.revsh_text), (4 bytes).
    Removing hc32_ll_usart.o(.rrx_text), (6 bytes).
    Removing hc32_ll_usb.o(.rev16_text), (4 bytes).
    Removing hc32_ll_usb.o(.revsh_text), (4 bytes).
    Removing hc32_ll_usb.o(.rrx_text), (6 bytes).
    Removing hc32_ll_utility.o(.rev16_text), (4 bytes).
    Removing hc32_ll_utility.o(.revsh_text), (4 bytes).
    Removing hc32_ll_utility.o(.rrx_text), (6 bytes).
    Removing hc32_ll_utility.o(i.DDL_DelayUS), (64 bytes).
    Removing hc32_ll_utility.o(i.SysTick_Delay), (76 bytes).
    Removing hc32_ll_utility.o(i.SysTick_GetTick), (12 bytes).
    Removing hc32_ll_utility.o(i.SysTick_IncTick), (24 bytes).
    Removing hc32_ll_utility.o(i.SysTick_Init), (144 bytes).
    Removing hc32_ll_utility.o(i.SysTick_Resume), (18 bytes).
    Removing hc32_ll_utility.o(i.SysTick_Suspend), (18 bytes).
    Removing hc32_ll_utility.o(.data), (8 bytes).
    Removing hc32_ll_wdt.o(.rev16_text), (4 bytes).
    Removing hc32_ll_wdt.o(.revsh_text), (4 bytes).
    Removing hc32_ll_wdt.o(.rrx_text), (6 bytes).
    Removing hc32f460_ll_interrupts_share.o(.rev16_text), (4 bytes).
    Removing hc32f460_ll_interrupts_share.o(.revsh_text), (4 bytes).
    Removing hc32f460_ll_interrupts_share.o(.rrx_text), (6 bytes).
    Removing system_hc32f460.o(.rev16_text), (4 bytes).
    Removing system_hc32f460.o(.revsh_text), (4 bytes).
    Removing system_hc32f460.o(.rrx_text), (6 bytes).
    Removing startup_hc32f460.o(HEAP), (8192 bytes).

162 unused section(s) (total 12050 bytes) removed from the image.

==============================================================================

Image Symbol Table

    Local Symbols

    Symbol Name                              Value     Ov Type        Size  Object(Section)

    RESET                                    0x00000000   Section      640  startup_hc32f460.o(RESET)
    ../clib/microlib/init/entry.s            0x00000000   Number         0  entry11a.o ABSOLUTE
    ../clib/microlib/init/entry.s            0x00000000   Number         0  entry10b.o ABSOLUTE
    ../clib/microlib/init/entry.s            0x00000000   Number         0  entry10a.o ABSOLUTE
    ../clib/microlib/init/entry.s            0x00000000   Number         0  entry9b.o ABSOLUTE
    ../clib/microlib/init/entry.s            0x00000000   Number         0  entry9a.o ABSOLUTE
    ../clib/microlib/init/entry.s            0x00000000   Number         0  entry8b.o ABSOLUTE
    ../clib/microlib/init/entry.s            0x00000000   Number         0  entry7b.o ABSOLUTE
    ../clib/microlib/init/entry.s            0x00000000   Number         0  entry7a.o ABSOLUTE
    ../clib/microlib/init/entry.s            0x00000000   Number         0  entry11b.o ABSOLUTE
    ../clib/microlib/init/entry.s            0x00000000   Number         0  entry5.o ABSOLUTE
    ../clib/microlib/init/entry.s            0x00000000   Number         0  entry2.o ABSOLUTE
    ../clib/microlib/init/entry.s            0x00000000   Number         0  entry.o ABSOLUTE
    ../clib/microlib/init/entry.s            0x00000000   Number         0  entry8a.o ABSOLUTE
    ..\Application\src\main.c                0x00000000   Number         0  main.o ABSOLUTE
    ..\Drivers\HC32F460_LL_Driver\src\hc32_ll.c 0x00000000   Number         0  hc32_ll.o ABSOLUTE
    ..\Drivers\HC32F460_LL_Driver\src\hc32_ll_adc.c 0x00000000   Number         0  hc32_ll_adc.o ABSOLUTE
    ..\Drivers\HC32F460_LL_Driver\src\hc32_ll_aes.c 0x00000000   Number         0  hc32_ll_aes.o ABSOLUTE
    ..\Drivers\HC32F460_LL_Driver\src\hc32_ll_aos.c 0x00000000   Number         0  hc32_ll_aos.o ABSOLUTE
    ..\Drivers\HC32F460_LL_Driver\src\hc32_ll_can.c 0x00000000   Number         0  hc32_ll_can.o ABSOLUTE
    ..\Drivers\HC32F460_LL_Driver\src\hc32_ll_clk.c 0x00000000   Number         0  hc32_ll_clk.o ABSOLUTE
    ..\Drivers\HC32F460_LL_Driver\src\hc32_ll_cmp.c 0x00000000   Number         0  hc32_ll_cmp.o ABSOLUTE
    ..\Drivers\HC32F460_LL_Driver\src\hc32_ll_crc.c 0x00000000   Number         0  hc32_ll_crc.o ABSOLUTE
    ..\Drivers\HC32F460_LL_Driver\src\hc32_ll_dbgc.c 0x00000000   Number         0  hc32_ll_dbgc.o ABSOLUTE
    ..\Drivers\HC32F460_LL_Driver\src\hc32_ll_dcu.c 0x00000000   Number         0  hc32_ll_dcu.o ABSOLUTE
    ..\Drivers\HC32F460_LL_Driver\src\hc32_ll_dma.c 0x00000000   Number         0  hc32_ll_dma.o ABSOLUTE
    ..\Drivers\HC32F460_LL_Driver\src\hc32_ll_efm.c 0x00000000   Number         0  hc32_ll_efm.o ABSOLUTE
    ..\Drivers\HC32F460_LL_Driver\src\hc32_ll_emb.c 0x00000000   Number         0  hc32_ll_emb.o ABSOLUTE
    ..\Drivers\HC32F460_LL_Driver\src\hc32_ll_event_port.c 0x00000000   Number         0  hc32_ll_event_port.o ABSOLUTE
    ..\Drivers\HC32F460_LL_Driver\src\hc32_ll_fcg.c 0x00000000   Number         0  hc32_ll_fcg.o ABSOLUTE
    ..\Drivers\HC32F460_LL_Driver\src\hc32_ll_fcm.c 0x00000000   Number         0  hc32_ll_fcm.o ABSOLUTE
    ..\Drivers\HC32F460_LL_Driver\src\hc32_ll_gpio.c 0x00000000   Number         0  hc32_ll_gpio.o ABSOLUTE
    ..\Drivers\HC32F460_LL_Driver\src\hc32_ll_hash.c 0x00000000   Number         0  hc32_ll_hash.o ABSOLUTE
    ..\Drivers\HC32F460_LL_Driver\src\hc32_ll_i2c.c 0x00000000   Number         0  hc32_ll_i2c.o ABSOLUTE
    ..\Drivers\HC32F460_LL_Driver\src\hc32_ll_i2s.c 0x00000000   Number         0  hc32_ll_i2s.o ABSOLUTE
    ..\Drivers\HC32F460_LL_Driver\src\hc32_ll_icg.c 0x00000000   Number         0  hc32_ll_icg.o ABSOLUTE
    ..\Drivers\HC32F460_LL_Driver\src\hc32_ll_interrupts.c 0x00000000   Number         0  hc32_ll_interrupts.o ABSOLUTE
    ..\Drivers\HC32F460_LL_Driver\src\hc32_ll_keyscan.c 0x00000000   Number         0  hc32_ll_keyscan.o ABSOLUTE
    ..\Drivers\HC32F460_LL_Driver\src\hc32_ll_mpu.c 0x00000000   Number         0  hc32_ll_mpu.o ABSOLUTE
    ..\Drivers\HC32F460_LL_Driver\src\hc32_ll_ots.c 0x00000000   Number         0  hc32_ll_ots.o ABSOLUTE
    ..\Drivers\HC32F460_LL_Driver\src\hc32_ll_pwc.c 0x00000000   Number         0  hc32_ll_pwc.o ABSOLUTE
    ..\Drivers\HC32F460_LL_Driver\src\hc32_ll_qspi.c 0x00000000   Number         0  hc32_ll_qspi.o ABSOLUTE
    ..\Drivers\HC32F460_LL_Driver\src\hc32_ll_rmu.c 0x00000000   Number         0  hc32_ll_rmu.o ABSOLUTE
    ..\Drivers\HC32F460_LL_Driver\src\hc32_ll_rtc.c 0x00000000   Number         0  hc32_ll_rtc.o ABSOLUTE
    ..\Drivers\HC32F460_LL_Driver\src\hc32_ll_sdioc.c 0x00000000   Number         0  hc32_ll_sdioc.o ABSOLUTE
    ..\Drivers\HC32F460_LL_Driver\src\hc32_ll_spi.c 0x00000000   Number         0  hc32_ll_spi.o ABSOLUTE
    ..\Drivers\HC32F460_LL_Driver\src\hc32_ll_sram.c 0x00000000   Number         0  hc32_ll_sram.o ABSOLUTE
    ..\Drivers\HC32F460_LL_Driver\src\hc32_ll_swdt.c 0x00000000   Number         0  hc32_ll_swdt.o ABSOLUTE
    ..\Drivers\HC32F460_LL_Driver\src\hc32_ll_tmr0.c 0x00000000   Number         0  hc32_ll_tmr0.o ABSOLUTE
    ..\Drivers\HC32F460_LL_Driver\src\hc32_ll_tmr4.c 0x00000000   Number         0  hc32_ll_tmr4.o ABSOLUTE
    ..\Drivers\HC32F460_LL_Driver\src\hc32_ll_tmr6.c 0x00000000   Number         0  hc32_ll_tmr6.o ABSOLUTE
    ..\Drivers\HC32F460_LL_Driver\src\hc32_ll_tmra.c 0x00000000   Number         0  hc32_ll_tmra.o ABSOLUTE
    ..\Drivers\HC32F460_LL_Driver\src\hc32_ll_trng.c 0x00000000   Number         0  hc32_ll_trng.o ABSOLUTE
    ..\Drivers\HC32F460_LL_Driver\src\hc32_ll_usart.c 0x00000000   Number         0  hc32_ll_usart.o ABSOLUTE
    ..\Drivers\HC32F460_LL_Driver\src\hc32_ll_usb.c 0x00000000   Number         0  hc32_ll_usb.o ABSOLUTE
    ..\Drivers\HC32F460_LL_Driver\src\hc32_ll_utility.c 0x00000000   Number         0  hc32_ll_utility.o ABSOLUTE
    ..\Drivers\HC32F460_LL_Driver\src\hc32_ll_wdt.c 0x00000000   Number         0  hc32_ll_wdt.o ABSOLUTE
    ..\Drivers\HC32F460_LL_Driver\src\hc32f460_ll_interrupts_share.c 0x00000000   Number         0  hc32f460_ll_interrupts_share.o ABSOLUTE
    ..\Drivers\cmsis\Device\HDSC\hc32f4xx\Source\ARM\startup_hc32f460.s 0x00000000   Number         0  startup_hc32f460.o ABSOLUTE
    ..\Drivers\cmsis\Device\HDSC\hc32f4xx\Source\system_hc32f460.c 0x00000000   Number         0  system_hc32f460.o ABSOLUTE
    ..\\Application\\src\\main.c             0x00000000   Number         0  main.o ABSOLUTE
    ..\\Drivers\\HC32F460_LL_Driver\\src\\hc32_ll.c 0x00000000   Number         0  hc32_ll.o ABSOLUTE
    ..\\Drivers\\HC32F460_LL_Driver\\src\\hc32_ll_adc.c 0x00000000   Number         0  hc32_ll_adc.o ABSOLUTE
    ..\\Drivers\\HC32F460_LL_Driver\\src\\hc32_ll_aes.c 0x00000000   Number         0  hc32_ll_aes.o ABSOLUTE
    ..\\Drivers\\HC32F460_LL_Driver\\src\\hc32_ll_aos.c 0x00000000   Number         0  hc32_ll_aos.o ABSOLUTE
    ..\\Drivers\\HC32F460_LL_Driver\\src\\hc32_ll_can.c 0x00000000   Number         0  hc32_ll_can.o ABSOLUTE
    ..\\Drivers\\HC32F460_LL_Driver\\src\\hc32_ll_clk.c 0x00000000   Number         0  hc32_ll_clk.o ABSOLUTE
    ..\\Drivers\\HC32F460_LL_Driver\\src\\hc32_ll_cmp.c 0x00000000   Number         0  hc32_ll_cmp.o ABSOLUTE
    ..\\Drivers\\HC32F460_LL_Driver\\src\\hc32_ll_crc.c 0x00000000   Number         0  hc32_ll_crc.o ABSOLUTE
    ..\\Drivers\\HC32F460_LL_Driver\\src\\hc32_ll_dbgc.c 0x00000000   Number         0  hc32_ll_dbgc.o ABSOLUTE
    ..\\Drivers\\HC32F460_LL_Driver\\src\\hc32_ll_dcu.c 0x00000000   Number         0  hc32_ll_dcu.o ABSOLUTE
    ..\\Drivers\\HC32F460_LL_Driver\\src\\hc32_ll_dma.c 0x00000000   Number         0  hc32_ll_dma.o ABSOLUTE
    ..\\Drivers\\HC32F460_LL_Driver\\src\\hc32_ll_efm.c 0x00000000   Number         0  hc32_ll_efm.o ABSOLUTE
    ..\\Drivers\\HC32F460_LL_Driver\\src\\hc32_ll_emb.c 0x00000000   Number         0  hc32_ll_emb.o ABSOLUTE
    ..\\Drivers\\HC32F460_LL_Driver\\src\\hc32_ll_event_port.c 0x00000000   Number         0  hc32_ll_event_port.o ABSOLUTE
    ..\\Drivers\\HC32F460_LL_Driver\\src\\hc32_ll_fcg.c 0x00000000   Number         0  hc32_ll_fcg.o ABSOLUTE
    ..\\Drivers\\HC32F460_LL_Driver\\src\\hc32_ll_fcm.c 0x00000000   Number         0  hc32_ll_fcm.o ABSOLUTE
    ..\\Drivers\\HC32F460_LL_Driver\\src\\hc32_ll_gpio.c 0x00000000   Number         0  hc32_ll_gpio.o ABSOLUTE
    ..\\Drivers\\HC32F460_LL_Driver\\src\\hc32_ll_hash.c 0x00000000   Number         0  hc32_ll_hash.o ABSOLUTE
    ..\\Drivers\\HC32F460_LL_Driver\\src\\hc32_ll_i2c.c 0x00000000   Number         0  hc32_ll_i2c.o ABSOLUTE
    ..\\Drivers\\HC32F460_LL_Driver\\src\\hc32_ll_i2s.c 0x00000000   Number         0  hc32_ll_i2s.o ABSOLUTE
    ..\\Drivers\\HC32F460_LL_Driver\\src\\hc32_ll_icg.c 0x00000000   Number         0  hc32_ll_icg.o ABSOLUTE
    ..\\Drivers\\HC32F460_LL_Driver\\src\\hc32_ll_interrupts.c 0x00000000   Number         0  hc32_ll_interrupts.o ABSOLUTE
    ..\\Drivers\\HC32F460_LL_Driver\\src\\hc32_ll_keyscan.c 0x00000000   Number         0  hc32_ll_keyscan.o ABSOLUTE
    ..\\Drivers\\HC32F460_LL_Driver\\src\\hc32_ll_mpu.c 0x00000000   Number         0  hc32_ll_mpu.o ABSOLUTE
    ..\\Drivers\\HC32F460_LL_Driver\\src\\hc32_ll_ots.c 0x00000000   Number         0  hc32_ll_ots.o ABSOLUTE
    ..\\Drivers\\HC32F460_LL_Driver\\src\\hc32_ll_pwc.c 0x00000000   Number         0  hc32_ll_pwc.o ABSOLUTE
    ..\\Drivers\\HC32F460_LL_Driver\\src\\hc32_ll_qspi.c 0x00000000   Number         0  hc32_ll_qspi.o ABSOLUTE
    ..\\Drivers\\HC32F460_LL_Driver\\src\\hc32_ll_rmu.c 0x00000000   Number         0  hc32_ll_rmu.o ABSOLUTE
    ..\\Drivers\\HC32F460_LL_Driver\\src\\hc32_ll_rtc.c 0x00000000   Number         0  hc32_ll_rtc.o ABSOLUTE
    ..\\Drivers\\HC32F460_LL_Driver\\src\\hc32_ll_sdioc.c 0x00000000   Number         0  hc32_ll_sdioc.o ABSOLUTE
    ..\\Drivers\\HC32F460_LL_Driver\\src\\hc32_ll_spi.c 0x00000000   Number         0  hc32_ll_spi.o ABSOLUTE
    ..\\Drivers\\HC32F460_LL_Driver\\src\\hc32_ll_sram.c 0x00000000   Number         0  hc32_ll_sram.o ABSOLUTE
    ..\\Drivers\\HC32F460_LL_Driver\\src\\hc32_ll_swdt.c 0x00000000   Number         0  hc32_ll_swdt.o ABSOLUTE
    ..\\Drivers\\HC32F460_LL_Driver\\src\\hc32_ll_tmr0.c 0x00000000   Number         0  hc32_ll_tmr0.o ABSOLUTE
    ..\\Drivers\\HC32F460_LL_Driver\\src\\hc32_ll_tmr4.c 0x00000000   Number         0  hc32_ll_tmr4.o ABSOLUTE
    ..\\Drivers\\HC32F460_LL_Driver\\src\\hc32_ll_tmr6.c 0x00000000   Number         0  hc32_ll_tmr6.o ABSOLUTE
    ..\\Drivers\\HC32F460_LL_Driver\\src\\hc32_ll_tmra.c 0x00000000   Number         0  hc32_ll_tmra.o ABSOLUTE
    ..\\Drivers\\HC32F460_LL_Driver\\src\\hc32_ll_trng.c 0x00000000   Number         0  hc32_ll_trng.o ABSOLUTE
    ..\\Drivers\\HC32F460_LL_Driver\\src\\hc32_ll_usart.c 0x00000000   Number         0  hc32_ll_usart.o ABSOLUTE
    ..\\Drivers\\HC32F460_LL_Driver\\src\\hc32_ll_usb.c 0x00000000   Number         0  hc32_ll_usb.o ABSOLUTE
    ..\\Drivers\\HC32F460_LL_Driver\\src\\hc32_ll_utility.c 0x00000000   Number         0  hc32_ll_utility.o ABSOLUTE
    ..\\Drivers\\HC32F460_LL_Driver\\src\\hc32_ll_wdt.c 0x00000000   Number         0  hc32_ll_wdt.o ABSOLUTE
    ..\\Drivers\\HC32F460_LL_Driver\\src\\hc32f460_ll_interrupts_share.c 0x00000000   Number         0  hc32f460_ll_interrupts_share.o ABSOLUTE
    ..\\Drivers\\cmsis\\Device\\HDSC\\hc32f4xx\\Source\\system_hc32f460.c 0x00000000   Number         0  system_hc32f460.o ABSOLUTE
    dc.s                                     0x00000000   Number         0  dc.o ABSOLUTE
    handlers.s                               0x00000000   Number         0  handlers.o ABSOLUTE
    init.s                                   0x00000000   Number         0  init.o ABSOLUTE
    .ARM.Collect$$$$00000000                 0x00000280   Section        0  entry.o(.ARM.Collect$$$$00000000)
    .ARM.Collect$$$$00000001                 0x00000280   Section        4  entry2.o(.ARM.Collect$$$$00000001)
    .ARM.Collect$$$$00000004                 0x00000284   Section        4  entry5.o(.ARM.Collect$$$$00000004)
    .ARM.Collect$$$$00000008                 0x00000288   Section        0  entry7b.o(.ARM.Collect$$$$00000008)
    .ARM.Collect$$$$0000000A                 0x00000288   Section        0  entry8b.o(.ARM.Collect$$$$0000000A)
    .ARM.Collect$$$$0000000B                 0x00000288   Section        8  entry9a.o(.ARM.Collect$$$$0000000B)
    .ARM.Collect$$$$0000000D                 0x00000290   Section        0  entry10a.o(.ARM.Collect$$$$0000000D)
    .ARM.Collect$$$$0000000F                 0x00000290   Section        0  entry11a.o(.ARM.Collect$$$$0000000F)
    .ARM.Collect$$$$00002712                 0x00000290   Section        4  entry2.o(.ARM.Collect$$$$00002712)
    __lit__00000000                          0x00000290   Data           4  entry2.o(.ARM.Collect$$$$00002712)
    .text                                    0x00000294   Section      100  startup_hc32f460.o(.text)
    .text                                    0x000002f8   Section       36  init.o(.text)
    i.DDL_AssertHandler                      0x0000031c   Section        0  hc32_ll_utility.o(i.DDL_AssertHandler)
    i.DDL_DelayMS                            0x00000320   Section        0  hc32_ll_utility.o(i.DDL_DelayMS)
    i.GPIO_StructInit                        0x00000360   Section        0  hc32_ll_gpio.o(i.GPIO_StructInit)
    i.LED_Init                               0x00000380   Section        0  main.o(i.LED_Init)
    LED_Init                                 0x00000381   Thumb Code    66  main.o(i.LED_Init)
    i.LL_PERIPH_WE                           0x000003c4   Section        0  hc32_ll.o(i.LL_PERIPH_WE)
    i.LL_PERIPH_WP                           0x000003e0   Section        0  hc32_ll.o(i.LL_PERIPH_WP)
    i.__scatterload_null                     0x000003fc   Section        2  handlers.o(i.__scatterload_null)
    .ARM.__AT_0x00000400                     0x00000400   Section       32  hc32_ll_icg.o(.ARM.__AT_0x00000400)
    __tagsym$$used                           0x00000400   Number         0  hc32_ll_icg.o(.ARM.__AT_0x00000400)
    i.GPIO_Init                              0x00000420   Section        0  hc32_ll_gpio.o(i.GPIO_Init)
    i.GPIO_TogglePins                        0x00000628   Section        0  hc32_ll_gpio.o(i.GPIO_TogglePins)
    i.SystemCoreClockUpdate                  0x000006b4   Section        0  system_hc32f460.o(i.SystemCoreClockUpdate)
    i.SystemInit                             0x00000780   Section        0  system_hc32f460.o(i.SystemInit)
    i.__scatterload_copy                     0x00000794   Section       14  handlers.o(i.__scatterload_copy)
    i.__scatterload_zeroinit                 0x000007a2   Section       14  handlers.o(i.__scatterload_zeroinit)
    i.main                                   0x000007b0   Section        0  main.o(i.main)
    .bss.noinit                              0x1fff8000   Section        8  system_hc32f460.o(.bss.noinit)
    STACK                                    0x1fff8008   Section     8192  startup_hc32f460.o(STACK)

    Global Symbols

    Symbol Name                              Value     Ov Type        Size  Object(Section)

    BuildAttributes$$THM_ISAv4$E$P$D$K$B$S$7EM$PE$A:L22UL41UL21$X:L11$S22US41US21$IEEE1$IW$USESV6$~STKCKD$USESV7$~SHL$OSPACE$EBA8$MICROLIB$REQ8$PRES8$EABIv2 0x00000000   Number         0  anon$$obj.o ABSOLUTE
    __ARM_use_no_argv                        0x00000000   Number         0  main.o ABSOLUTE
    __Vectors                                0x00000000   Data           4  startup_hc32f460.o(RESET)
    __cpp_initialize__aeabi_                  - Undefined Weak Reference
    __cxa_finalize                            - Undefined Weak Reference
    __decompress                              - Undefined Weak Reference
    _clock_init                               - Undefined Weak Reference
    _microlib_exit                            - Undefined Weak Reference
    __Vectors_End                            0x00000280   Data           0  startup_hc32f460.o(RESET)
    __Vectors_Size                           0x00000280   Number         0  startup_hc32f460.o ABSOLUTE
    __main                                   0x00000281   Thumb Code     0  entry.o(.ARM.Collect$$$$00000000)
    _main_stk                                0x00000281   Thumb Code     0  entry2.o(.ARM.Collect$$$$00000001)
    _main_scatterload                        0x00000285   Thumb Code     0  entry5.o(.ARM.Collect$$$$00000004)
    __main_after_scatterload                 0x00000289   Thumb Code     0  entry5.o(.ARM.Collect$$$$00000004)
    _main_clock                              0x00000289   Thumb Code     0  entry7b.o(.ARM.Collect$$$$00000008)
    _main_cpp_init                           0x00000289   Thumb Code     0  entry8b.o(.ARM.Collect$$$$0000000A)
    _main_init                               0x00000289   Thumb Code     0  entry9a.o(.ARM.Collect$$$$0000000B)
    __rt_final_cpp                           0x00000291   Thumb Code     0  entry10a.o(.ARM.Collect$$$$0000000D)
    __rt_final_exit                          0x00000291   Thumb Code     0  entry11a.o(.ARM.Collect$$$$0000000F)
    Reset_Handler                            0x00000295   Thumb Code    56  startup_hc32f460.o(.text)
    NMI_Handler                              0x000002cd   Thumb Code     2  startup_hc32f460.o(.text)
    HardFault_Handler                        0x000002cf   Thumb Code     2  startup_hc32f460.o(.text)
    MemManage_Handler                        0x000002d1   Thumb Code     2  startup_hc32f460.o(.text)
    BusFault_Handler                         0x000002d3   Thumb Code     2  startup_hc32f460.o(.text)
    UsageFault_Handler                       0x000002d5   Thumb Code     2  startup_hc32f460.o(.text)
    SVC_Handler                              0x000002d7   Thumb Code     2  startup_hc32f460.o(.text)
    DebugMon_Handler                         0x000002d9   Thumb Code     2  startup_hc32f460.o(.text)
    PendSV_Handler                           0x000002db   Thumb Code     2  startup_hc32f460.o(.text)
    SysTick_Handler                          0x000002dd   Thumb Code     2  startup_hc32f460.o(.text)
    IRQ000_Handler                           0x000002df   Thumb Code     0  startup_hc32f460.o(.text)
    IRQ001_Handler                           0x000002df   Thumb Code     0  startup_hc32f460.o(.text)
    IRQ002_Handler                           0x000002df   Thumb Code     0  startup_hc32f460.o(.text)
    IRQ003_Handler                           0x000002df   Thumb Code     0  startup_hc32f460.o(.text)
    IRQ004_Handler                           0x000002df   Thumb Code     0  startup_hc32f460.o(.text)
    IRQ005_Handler                           0x000002df   Thumb Code     0  startup_hc32f460.o(.text)
    IRQ006_Handler                           0x000002df   Thumb Code     0  startup_hc32f460.o(.text)
    IRQ007_Handler                           0x000002df   Thumb Code     0  startup_hc32f460.o(.text)
    IRQ008_Handler                           0x000002df   Thumb Code     0  startup_hc32f460.o(.text)
    IRQ009_Handler                           0x000002df   Thumb Code     0  startup_hc32f460.o(.text)
    IRQ010_Handler                           0x000002df   Thumb Code     0  startup_hc32f460.o(.text)
    IRQ011_Handler                           0x000002df   Thumb Code     0  startup_hc32f460.o(.text)
    IRQ012_Handler                           0x000002df   Thumb Code     0  startup_hc32f460.o(.text)
    IRQ013_Handler                           0x000002df   Thumb Code     0  startup_hc32f460.o(.text)
    IRQ014_Handler                           0x000002df   Thumb Code     0  startup_hc32f460.o(.text)
    IRQ015_Handler                           0x000002df   Thumb Code     0  startup_hc32f460.o(.text)
    IRQ016_Handler                           0x000002df   Thumb Code     0  startup_hc32f460.o(.text)
    IRQ017_Handler                           0x000002df   Thumb Code     0  startup_hc32f460.o(.text)
    IRQ018_Handler                           0x000002df   Thumb Code     0  startup_hc32f460.o(.text)
    IRQ019_Handler                           0x000002df   Thumb Code     0  startup_hc32f460.o(.text)
    IRQ020_Handler                           0x000002df   Thumb Code     0  startup_hc32f460.o(.text)
    IRQ021_Handler                           0x000002df   Thumb Code     0  startup_hc32f460.o(.text)
    IRQ022_Handler                           0x000002df   Thumb Code     0  startup_hc32f460.o(.text)
    IRQ023_Handler                           0x000002df   Thumb Code     0  startup_hc32f460.o(.text)
    IRQ024_Handler                           0x000002df   Thumb Code     0  startup_hc32f460.o(.text)
    IRQ025_Handler                           0x000002df   Thumb Code     0  startup_hc32f460.o(.text)
    IRQ026_Handler                           0x000002df   Thumb Code     0  startup_hc32f460.o(.text)
    IRQ027_Handler                           0x000002df   Thumb Code     0  startup_hc32f460.o(.text)
    IRQ028_Handler                           0x000002df   Thumb Code     0  startup_hc32f460.o(.text)
    IRQ029_Handler                           0x000002df   Thumb Code     0  startup_hc32f460.o(.text)
    IRQ030_Handler                           0x000002df   Thumb Code     0  startup_hc32f460.o(.text)
    IRQ031_Handler                           0x000002df   Thumb Code     0  startup_hc32f460.o(.text)
    IRQ032_Handler                           0x000002df   Thumb Code     0  startup_hc32f460.o(.text)
    IRQ033_Handler                           0x000002df   Thumb Code     0  startup_hc32f460.o(.text)
    IRQ034_Handler                           0x000002df   Thumb Code     0  startup_hc32f460.o(.text)
    IRQ035_Handler                           0x000002df   Thumb Code     0  startup_hc32f460.o(.text)
    IRQ036_Handler                           0x000002df   Thumb Code     0  startup_hc32f460.o(.text)
    IRQ037_Handler                           0x000002df   Thumb Code     0  startup_hc32f460.o(.text)
    IRQ038_Handler                           0x000002df   Thumb Code     0  startup_hc32f460.o(.text)
    IRQ039_Handler                           0x000002df   Thumb Code     0  startup_hc32f460.o(.text)
    IRQ040_Handler                           0x000002df   Thumb Code     0  startup_hc32f460.o(.text)
    IRQ041_Handler                           0x000002df   Thumb Code     0  startup_hc32f460.o(.text)
    IRQ042_Handler                           0x000002df   Thumb Code     0  startup_hc32f460.o(.text)
    IRQ043_Handler                           0x000002df   Thumb Code     0  startup_hc32f460.o(.text)
    IRQ044_Handler                           0x000002df   Thumb Code     0  startup_hc32f460.o(.text)
    IRQ045_Handler                           0x000002df   Thumb Code     0  startup_hc32f460.o(.text)
    IRQ046_Handler                           0x000002df   Thumb Code     0  startup_hc32f460.o(.text)
    IRQ047_Handler                           0x000002df   Thumb Code     0  startup_hc32f460.o(.text)
    IRQ048_Handler                           0x000002df   Thumb Code     0  startup_hc32f460.o(.text)
    IRQ049_Handler                           0x000002df   Thumb Code     0  startup_hc32f460.o(.text)
    IRQ050_Handler                           0x000002df   Thumb Code     0  startup_hc32f460.o(.text)
    IRQ051_Handler                           0x000002df   Thumb Code     0  startup_hc32f460.o(.text)
    IRQ052_Handler                           0x000002df   Thumb Code     0  startup_hc32f460.o(.text)
    IRQ053_Handler                           0x000002df   Thumb Code     0  startup_hc32f460.o(.text)
    IRQ054_Handler                           0x000002df   Thumb Code     0  startup_hc32f460.o(.text)
    IRQ055_Handler                           0x000002df   Thumb Code     0  startup_hc32f460.o(.text)
    IRQ056_Handler                           0x000002df   Thumb Code     0  startup_hc32f460.o(.text)
    IRQ057_Handler                           0x000002df   Thumb Code     0  startup_hc32f460.o(.text)
    IRQ058_Handler                           0x000002df   Thumb Code     0  startup_hc32f460.o(.text)
    IRQ059_Handler                           0x000002df   Thumb Code     0  startup_hc32f460.o(.text)
    IRQ060_Handler                           0x000002df   Thumb Code     0  startup_hc32f460.o(.text)
    IRQ061_Handler                           0x000002df   Thumb Code     0  startup_hc32f460.o(.text)
    IRQ062_Handler                           0x000002df   Thumb Code     0  startup_hc32f460.o(.text)
    IRQ063_Handler                           0x000002df   Thumb Code     0  startup_hc32f460.o(.text)
    IRQ064_Handler                           0x000002df   Thumb Code     0  startup_hc32f460.o(.text)
    IRQ065_Handler                           0x000002df   Thumb Code     0  startup_hc32f460.o(.text)
    IRQ066_Handler                           0x000002df   Thumb Code     0  startup_hc32f460.o(.text)
    IRQ067_Handler                           0x000002df   Thumb Code     0  startup_hc32f460.o(.text)
    IRQ068_Handler                           0x000002df   Thumb Code     0  startup_hc32f460.o(.text)
    IRQ069_Handler                           0x000002df   Thumb Code     0  startup_hc32f460.o(.text)
    IRQ070_Handler                           0x000002df   Thumb Code     0  startup_hc32f460.o(.text)
    IRQ071_Handler                           0x000002df   Thumb Code     0  startup_hc32f460.o(.text)
    IRQ072_Handler                           0x000002df   Thumb Code     0  startup_hc32f460.o(.text)
    IRQ073_Handler                           0x000002df   Thumb Code     0  startup_hc32f460.o(.text)
    IRQ074_Handler                           0x000002df   Thumb Code     0  startup_hc32f460.o(.text)
    IRQ075_Handler                           0x000002df   Thumb Code     0  startup_hc32f460.o(.text)
    IRQ076_Handler                           0x000002df   Thumb Code     0  startup_hc32f460.o(.text)
    IRQ077_Handler                           0x000002df   Thumb Code     0  startup_hc32f460.o(.text)
    IRQ078_Handler                           0x000002df   Thumb Code     0  startup_hc32f460.o(.text)
    IRQ079_Handler                           0x000002df   Thumb Code     0  startup_hc32f460.o(.text)
    IRQ080_Handler                           0x000002df   Thumb Code     0  startup_hc32f460.o(.text)
    IRQ081_Handler                           0x000002df   Thumb Code     0  startup_hc32f460.o(.text)
    IRQ082_Handler                           0x000002df   Thumb Code     0  startup_hc32f460.o(.text)
    IRQ083_Handler                           0x000002df   Thumb Code     0  startup_hc32f460.o(.text)
    IRQ084_Handler                           0x000002df   Thumb Code     0  startup_hc32f460.o(.text)
    IRQ085_Handler                           0x000002df   Thumb Code     0  startup_hc32f460.o(.text)
    IRQ086_Handler                           0x000002df   Thumb Code     0  startup_hc32f460.o(.text)
    IRQ087_Handler                           0x000002df   Thumb Code     0  startup_hc32f460.o(.text)
    IRQ088_Handler                           0x000002df   Thumb Code     0  startup_hc32f460.o(.text)
    IRQ089_Handler                           0x000002df   Thumb Code     0  startup_hc32f460.o(.text)
    IRQ090_Handler                           0x000002df   Thumb Code     0  startup_hc32f460.o(.text)
    IRQ091_Handler                           0x000002df   Thumb Code     0  startup_hc32f460.o(.text)
    IRQ092_Handler                           0x000002df   Thumb Code     0  startup_hc32f460.o(.text)
    IRQ093_Handler                           0x000002df   Thumb Code     0  startup_hc32f460.o(.text)
    IRQ094_Handler                           0x000002df   Thumb Code     0  startup_hc32f460.o(.text)
    IRQ095_Handler                           0x000002df   Thumb Code     0  startup_hc32f460.o(.text)
    IRQ096_Handler                           0x000002df   Thumb Code     0  startup_hc32f460.o(.text)
    IRQ097_Handler                           0x000002df   Thumb Code     0  startup_hc32f460.o(.text)
    IRQ098_Handler                           0x000002df   Thumb Code     0  startup_hc32f460.o(.text)
    IRQ099_Handler                           0x000002df   Thumb Code     0  startup_hc32f460.o(.text)
    IRQ100_Handler                           0x000002df   Thumb Code     0  startup_hc32f460.o(.text)
    IRQ101_Handler                           0x000002df   Thumb Code     0  startup_hc32f460.o(.text)
    IRQ102_Handler                           0x000002df   Thumb Code     0  startup_hc32f460.o(.text)
    IRQ103_Handler                           0x000002df   Thumb Code     0  startup_hc32f460.o(.text)
    IRQ104_Handler                           0x000002df   Thumb Code     0  startup_hc32f460.o(.text)
    IRQ105_Handler                           0x000002df   Thumb Code     0  startup_hc32f460.o(.text)
    IRQ106_Handler                           0x000002df   Thumb Code     0  startup_hc32f460.o(.text)
    IRQ107_Handler                           0x000002df   Thumb Code     0  startup_hc32f460.o(.text)
    IRQ108_Handler                           0x000002df   Thumb Code     0  startup_hc32f460.o(.text)
    IRQ109_Handler                           0x000002df   Thumb Code     0  startup_hc32f460.o(.text)
    IRQ110_Handler                           0x000002df   Thumb Code     0  startup_hc32f460.o(.text)
    IRQ111_Handler                           0x000002df   Thumb Code     0  startup_hc32f460.o(.text)
    IRQ112_Handler                           0x000002df   Thumb Code     0  startup_hc32f460.o(.text)
    IRQ113_Handler                           0x000002df   Thumb Code     0  startup_hc32f460.o(.text)
    IRQ114_Handler                           0x000002df   Thumb Code     0  startup_hc32f460.o(.text)
    IRQ115_Handler                           0x000002df   Thumb Code     0  startup_hc32f460.o(.text)
    IRQ116_Handler                           0x000002df   Thumb Code     0  startup_hc32f460.o(.text)
    IRQ117_Handler                           0x000002df   Thumb Code     0  startup_hc32f460.o(.text)
    IRQ118_Handler                           0x000002df   Thumb Code     0  startup_hc32f460.o(.text)
    IRQ119_Handler                           0x000002df   Thumb Code     0  startup_hc32f460.o(.text)
    IRQ120_Handler                           0x000002df   Thumb Code     0  startup_hc32f460.o(.text)
    IRQ121_Handler                           0x000002df   Thumb Code     0  startup_hc32f460.o(.text)
    IRQ122_Handler                           0x000002df   Thumb Code     0  startup_hc32f460.o(.text)
    IRQ123_Handler                           0x000002df   Thumb Code     0  startup_hc32f460.o(.text)
    IRQ124_Handler                           0x000002df   Thumb Code     0  startup_hc32f460.o(.text)
    IRQ125_Handler                           0x000002df   Thumb Code     0  startup_hc32f460.o(.text)
    IRQ126_Handler                           0x000002df   Thumb Code     0  startup_hc32f460.o(.text)
    IRQ127_Handler                           0x000002df   Thumb Code     0  startup_hc32f460.o(.text)
    IRQ128_Handler                           0x000002df   Thumb Code     0  startup_hc32f460.o(.text)
    IRQ129_Handler                           0x000002df   Thumb Code     0  startup_hc32f460.o(.text)
    IRQ130_Handler                           0x000002df   Thumb Code     0  startup_hc32f460.o(.text)
    IRQ131_Handler                           0x000002df   Thumb Code     0  startup_hc32f460.o(.text)
    IRQ132_Handler                           0x000002df   Thumb Code     0  startup_hc32f460.o(.text)
    IRQ133_Handler                           0x000002df   Thumb Code     0  startup_hc32f460.o(.text)
    IRQ134_Handler                           0x000002df   Thumb Code     0  startup_hc32f460.o(.text)
    IRQ135_Handler                           0x000002df   Thumb Code     0  startup_hc32f460.o(.text)
    IRQ136_Handler                           0x000002df   Thumb Code     0  startup_hc32f460.o(.text)
    IRQ137_Handler                           0x000002df   Thumb Code     0  startup_hc32f460.o(.text)
    IRQ138_Handler                           0x000002df   Thumb Code     0  startup_hc32f460.o(.text)
    IRQ139_Handler                           0x000002df   Thumb Code     0  startup_hc32f460.o(.text)
    IRQ140_Handler                           0x000002df   Thumb Code     0  startup_hc32f460.o(.text)
    IRQ141_Handler                           0x000002df   Thumb Code     0  startup_hc32f460.o(.text)
    IRQ142_Handler                           0x000002df   Thumb Code     0  startup_hc32f460.o(.text)
    IRQ143_Handler                           0x000002df   Thumb Code     0  startup_hc32f460.o(.text)
    __scatterload                            0x000002f9   Thumb Code    28  init.o(.text)
    __scatterload_rt2                        0x000002f9   Thumb Code     0  init.o(.text)
    DDL_AssertHandler                        0x0000031d   Thumb Code     4  hc32_ll_utility.o(i.DDL_AssertHandler)
    DDL_DelayMS                              0x00000321   Thumb Code    54  hc32_ll_utility.o(i.DDL_DelayMS)
    GPIO_StructInit                          0x00000361   Thumb Code    32  hc32_ll_gpio.o(i.GPIO_StructInit)
    LL_PERIPH_WE                             0x000003c5   Thumb Code    22  hc32_ll.o(i.LL_PERIPH_WE)
    LL_PERIPH_WP                             0x000003e1   Thumb Code    22  hc32_ll.o(i.LL_PERIPH_WP)
    __scatterload_null                       0x000003fd   Thumb Code     2  handlers.o(i.__scatterload_null)
    u32ICGValue                              0x00000400   Data          32  hc32_ll_icg.o(.ARM.__AT_0x00000400)
    GPIO_Init                                0x00000421   Thumb Code   464  hc32_ll_gpio.o(i.GPIO_Init)
    GPIO_TogglePins                          0x00000629   Thumb Code    82  hc32_ll_gpio.o(i.GPIO_TogglePins)
    SystemCoreClockUpdate                    0x000006b5   Thumb Code   174  system_hc32f460.o(i.SystemCoreClockUpdate)
    SystemInit                               0x00000781   Thumb Code    14  system_hc32f460.o(i.SystemInit)
    __scatterload_copy                       0x00000795   Thumb Code    14  handlers.o(i.__scatterload_copy)
    __scatterload_zeroinit                   0x000007a3   Thumb Code    14  handlers.o(i.__scatterload_zeroinit)
    main                                     0x000007b1   Thumb Code    76  main.o(i.main)
    Region$$Table$$Base                      0x000007fc   Number         0  anon$$obj.o(Region$$Table)
    Region$$Table$$Limit                     0x0000080c   Number         0  anon$$obj.o(Region$$Table)
    SystemCoreClock                          0x1fff8000   Data           4  system_hc32f460.o(.bss.noinit)
    HRC_VALUE                                0x1fff8004   Data           4  system_hc32f460.o(.bss.noinit)
    __initial_sp                             0x1fffa008   Data           0  startup_hc32f460.o(STACK)



==============================================================================

Memory Map of the image

  Image Entry point : 0x00000281

  Load Region LR_IROM1 (Base: 0x00000000, Size: 0x0000080c, Max: 0x00080000, ABSOLUTE)

    Execution Region ER_IROM1 (Base: 0x00000000, Size: 0x0000080c, Max: 0x00080000, ABSOLUTE)

    Base Addr    Size         Type   Attr      Idx    E Section Name        Object

    0x00000000   0x00000280   Data   RO         1215    RESET               startup_hc32f460.o
    0x00000280   0x00000000   Code   RO         1220  * .ARM.Collect$$$$00000000  mc_w.l(entry.o)
    0x00000280   0x00000004   Code   RO         1223    .ARM.Collect$$$$00000001  mc_w.l(entry2.o)
    0x00000284   0x00000004   Code   RO         1226    .ARM.Collect$$$$00000004  mc_w.l(entry5.o)
    0x00000288   0x00000000   Code   RO         1228    .ARM.Collect$$$$00000008  mc_w.l(entry7b.o)
    0x00000288   0x00000000   Code   RO         1230    .ARM.Collect$$$$0000000A  mc_w.l(entry8b.o)
    0x00000288   0x00000008   Code   RO         1231    .ARM.Collect$$$$0000000B  mc_w.l(entry9a.o)
    0x00000290   0x00000000   Code   RO         1233    .ARM.Collect$$$$0000000D  mc_w.l(entry10a.o)
    0x00000290   0x00000000   Code   RO         1235    .ARM.Collect$$$$0000000F  mc_w.l(entry11a.o)
    0x00000290   0x00000004   Code   RO         1224    .ARM.Collect$$$$00002712  mc_w.l(entry2.o)
    0x00000294   0x00000064   Code   RO         1216    .text               startup_hc32f460.o
    0x000002f8   0x00000024   Code   RO         1237    .text               mc_w.l(init.o)
    0x0000031c   0x00000004   Code   RO         1060    i.DDL_AssertHandler  hc32_ll_utility.o
    0x00000320   0x00000040   Code   RO         1061    i.DDL_DelayMS       hc32_ll_utility.o
    0x00000360   0x00000020   Code   RO          453    i.GPIO_StructInit   hc32_ll_gpio.o
    0x00000380   0x00000042   Code   RO            4    i.LED_Init          main.o
    0x000003c2   0x00000002   PAD
    0x000003c4   0x0000001c   Code   RO           89    i.LL_PERIPH_WE      hc32_ll.o
    0x000003e0   0x0000001c   Code   RO           90    i.LL_PERIPH_WP      hc32_ll.o
    0x000003fc   0x00000002   Code   RO         1242    i.__scatterload_null  mc_w.l(handlers.o)
    0x000003fe   0x00000002   PAD
    0x00000400   0x00000020   Data   RO          640    .ARM.__AT_0x00000400  hc32_ll_icg.o
    0x00000420   0x00000208   Code   RO          440    i.GPIO_Init         hc32_ll_gpio.o
    0x00000628   0x0000008c   Code   RO          455    i.GPIO_TogglePins   hc32_ll_gpio.o
    0x000006b4   0x000000cc   Code   RO         1180    i.SystemCoreClockUpdate  system_hc32f460.o
    0x00000780   0x00000014   Code   RO         1181    i.SystemInit        system_hc32f460.o
    0x00000794   0x0000000e   Code   RO         1241    i.__scatterload_copy  mc_w.l(handlers.o)
    0x000007a2   0x0000000e   Code   RO         1243    i.__scatterload_zeroinit  mc_w.l(handlers.o)
    0x000007b0   0x0000004c   Code   RO            5    i.main              main.o
    0x000007fc   0x00000010   Data   RO         1239    Region$$Table       anon$$obj.o


    Execution Region RW_IRAM1 (Base: 0x1fff8000, Size: 0x00000008, Max: 0x00000008, ABSOLUTE, UNINIT)

    Base Addr    Size         Type   Attr      Idx    E Section Name        Object

    0x1fff8000   0x00000008   Zero   RW         1182    .bss.noinit         system_hc32f460.o


    Execution Region RW_IRAM2 (Base: 0x1fff8008, Size: 0x00002000, Max: 0x0002eff8, ABSOLUTE)

    Base Addr    Size         Type   Attr      Idx    E Section Name        Object

    0x1fff8008   0x00002000   Zero   RW         1213    STACK               startup_hc32f460.o


    Execution Region RW_IRAMB (Base: 0x200f0000, Size: 0x00000000, Max: 0x00001000, ABSOLUTE)

    **** No section assigned to this execution region ****


==============================================================================

Image component sizes


      Code (inc. data)   RO Data    RW Data    ZI Data      Debug   Object Name

        56         12          0          0          0       4694   hc32_ll.o
       692        114          0          0          0       5464   hc32_ll_gpio.o
         0          0         32          0          0        646   hc32_ll_icg.o
        68         10          0          0          0       1458   hc32_ll_utility.o
       142          0          0          0          0       9003   main.o
       100         24        640          0       8192        864   startup_hc32f460.o
       224         42          0          0          8       1501   system_hc32f460.o

    ----------------------------------------------------------------------
      1284        202        688          0       8200      23630   Object Totals
         0          0         16          0          0          0   (incl. Generated)
         2          0          0          0          0          0   (incl. Padding)

    ----------------------------------------------------------------------

      Code (inc. data)   RO Data    RW Data    ZI Data      Debug   Library Member Name

         0          0          0          0          0          0   entry.o
         0          0          0          0          0          0   entry10a.o
         0          0          0          0          0          0   entry11a.o
         8          4          0          0          0          0   entry2.o
         4          0          0          0          0          0   entry5.o
         0          0          0          0          0          0   entry7b.o
         0          0          0          0          0          0   entry8b.o
         8          4          0          0          0          0   entry9a.o
        30          0          0          0          0          0   handlers.o
        36          8          0          0          0         68   init.o

    ----------------------------------------------------------------------
        88         16          0          0          0         68   Library Totals
         2          0          0          0          0          0   (incl. Padding)

    ----------------------------------------------------------------------

      Code (inc. data)   RO Data    RW Data    ZI Data      Debug   Library Name

        86         16          0          0          0         68   mc_w.l

    ----------------------------------------------------------------------
        88         16          0          0          0         68   Library Totals

    ----------------------------------------------------------------------

==============================================================================


      Code (inc. data)   RO Data    RW Data    ZI Data      Debug   

      1372        218        688          0       8200      23382   Grand Totals
      1372        218        688          0       8200      23382   ELF Image Totals
      1372        218        688          0          0          0   ROM Totals

==============================================================================

    Total RO  Size (Code + RO Data)                 2060 (   2.01kB)
    Total RW  Size (RW Data + ZI Data)              8200 (   8.01kB)
    Total ROM Size (Code + RO Data + RW Data)       2060 (   2.01kB)

==============================================================================

